# MySQL数据类型-字符串类型
## 特性
|类型    |说明      |N的含义      |是否有字符集        |最大长度       |  
|:--    |:--       |:--:         |:--:               |:--          |
|CHAR(N)|定长支付|字符|是|255|
|VARCHAR(N)|变长字符|字符|是|16384|
|BINARY(N)|定长二进制字节|字节|否|255|
|VARBINARY(N)|变长二进制字节|字节|否|16384|
|TINYBLOB|二进制大对象|字节|否|256|
|BLOB|二进制大对象|字节|否|16K|
|MEDIUMBLOB|二进制大对象|字节|否|16M|
|LONGBLOB|二进制大对象|字节|否|4G|
|TINYTEXT|大对象|字节|是|256|
|TEXT|大对象|字节|是|16k|
|MEDIUMTEXT|大对象|字节|是|16M|
|LONGTEXT|大对象|字节|是|4G|

#### 举例说明字节N 字符N
```
mysql> create table z (a char(1), b varchar(3) , c binary(1) , d varbinary(3));
Query OK, 0 rows affected (0.07 sec)

mysql> insert into z values ('a' , 'aaa' ,'b' , 'bbb');
Query OK, 1 row affected (0.02 sec)

mysql> select * from z;
+------+------+------+------+
| a    | b    | c    | d    |
+------+------+------+------+
| a    | aaa  | b    | bbb  |
+------+------+------+------+
1 row in set (0.00 sec)

mysql> show create table z;
+-------+----------------------------------------------------------------------------------------------------------------------------------------------------------------------------------+
| Table | Create Table                                                                                                                                                                     |
+-------+----------------------------------------------------------------------------------------------------------------------------------------------------------------------------------+
| z     | CREATE TABLE `z` (
  `a` char(1) DEFAULT NULL,
  `b` varchar(3) DEFAULT NULL,
  `c` binary(1) DEFAULT NULL,
  `d` varbinary(3) DEFAULT NULL
) ENGINE=InnoDB DEFAULT CHARSET=utf8 |
+-------+----------------------------------------------------------------------------------------------------------------------------------------------------------------------------------+
1 row in set (0.01 sec)

mysql> insert into z values ('爱' , 'aaa' ,'b' , 'bbb');
Query OK, 1 row affected (0.00 sec)

mysql> select * from z;
+------+------+------+------+
| a    | b    | c    | d    |
+------+------+------+------+
| a    | aaa  | b    | bbb  |
| 爱   | aaa  | b    | bbb  |
+------+------+------+------+
2 rows in set (0.00 sec)

//由于c 字段为 binary(1)一个字节 但是 汉字 '爱' 是一个字符，占用三个字节。所以插入报错。
mysql> insert into z values ('爱' , 'aaa' ,'爱' , 'bbb');
ERROR 1406 (22001): Data too long for column 'c' at row 1

//length 取 字节长度。 char_length 取字符长度
mysql> select length('爱'),char_length('爱');
+---------------+--------------------+
| length('爱')  | char_length('爱')  |
+---------------+--------------------+
|             3 |                  1 |
+---------------+--------------------+
1 row in set (0.11 sec)

```
##字符集
character set ：a set of symblos and encodings 符号和编码的集合

####生产环境推荐使用utf8mb4！！！！！！！

```
mysql> show character set;  (show charset;）
+----------+---------------------------------+---------------------+--------+
| Charset  | Description                     | Default collation   | Maxlen |
+----------+---------------------------------+---------------------+--------+
| big5     | Big5 Traditional Chinese        | big5_chinese_ci     |      2 |
| dec8     | DEC West European               | dec8_swedish_ci     |      1 |
| cp850    | DOS West European               | cp850_general_ci    |      1 |
| hp8      | HP West European                | hp8_english_ci      |      1 |
| koi8r    | KOI8-R Relcom Russian           | koi8r_general_ci    |      1 |
| latin1   | cp1252 West European            | latin1_swedish_ci   |      1 |
| latin2   | ISO 8859-2 Central European     | latin2_general_ci   |      1 |
| swe7     | 7bit Swedish                    | swe7_swedish_ci     |      1 |
| ascii    | US ASCII                        | ascii_general_ci    |      1 |
| ujis     | EUC-JP Japanese                 | ujis_japanese_ci    |      3 |
| sjis     | Shift-JIS Japanese              | sjis_japanese_ci    |      2 |
| hebrew   | ISO 8859-8 Hebrew               | hebrew_general_ci   |      1 |
| tis620   | TIS620 Thai                     | tis620_thai_ci      |      1 |
| euckr    | EUC-KR Korean                   | euckr_korean_ci     |      2 |
| koi8u    | KOI8-U Ukrainian                | koi8u_general_ci    |      1 |
| gb2312   | GB2312 Simplified Chinese       | gb2312_chinese_ci   |      2 |
| greek    | ISO 8859-7 Greek                | greek_general_ci    |      1 |
| cp1250   | Windows Central European        | cp1250_general_ci   |      1 |
| gbk      | GBK Simplified Chinese          | gbk_chinese_ci      |      2 |
| latin5   | ISO 8859-9 Turkish              | latin5_turkish_ci   |      1 |
| armscii8 | ARMSCII-8 Armenian              | armscii8_general_ci |      1 |
| utf8     | UTF-8 Unicode                   | utf8_general_ci     |      3 |
| ucs2     | UCS-2 Unicode                   | ucs2_general_ci     |      2 |
| cp866    | DOS Russian                     | cp866_general_ci    |      1 |
| keybcs2  | DOS Kamenicky Czech-Slovak      | keybcs2_general_ci  |      1 |
| macce    | Mac Central European            | macce_general_ci    |      1 |
| macroman | Mac West European               | macroman_general_ci |      1 |
| cp852    | DOS Central European            | cp852_general_ci    |      1 |
| latin7   | ISO 8859-13 Baltic              | latin7_general_ci   |      1 |
| utf8mb4  | UTF-8 Unicode                   | utf8mb4_general_ci  |      4 |
| cp1251   | Windows Cyrillic                | cp1251_general_ci   |      1 |
| utf16    | UTF-16 Unicode                  | utf16_general_ci    |      4 |
| utf16le  | UTF-16LE Unicode                | utf16le_general_ci  |      4 |
| cp1256   | Windows Arabic                  | cp1256_general_ci   |      1 |
| cp1257   | Windows Baltic                  | cp1257_general_ci   |      1 |
| utf32    | UTF-32 Unicode                  | utf32_general_ci    |      4 |
| binary   | Binary pseudo charset           | binary              |      1 |
| geostd8  | GEOSTD8 Georgian                | geostd8_general_ci  |      1 |
| cp932    | SJIS for Windows Japanese       | cp932_japanese_ci   |      2 |
| eucjpms  | UJIS for Windows Japanese       | eucjpms_japanese_ci |      3 |
| gb18030  | China National Standard GB18030 | gb18030_chinese_ci  |      4 |
+----------+---------------------------------+---------------------+--------+
41 rows in set (0.03 sec)


//默认字符集
mysql> show variables like '%character%';
+--------------------------+------------------------------------------------------+
| Variable_name            | Value                                                |
+--------------------------+------------------------------------------------------+
| character_set_client     | utf8                                                 |
| character_set_connection | utf8                                                 |
| character_set_database   | utf8                                                 |
| character_set_filesystem | binary                                               |
| character_set_results    | utf8                                                 |
| character_set_server     | utf8                                                 |
| character_set_system     | utf8                                                 |
| character_sets_dir       | /usr/local/Cellar/mysql/5.7.20/share/mysql/charsets/ |
+--------------------------+------------------------------------------------------+



```

##### 如何修改默认字符集？character\_set_server

```
vim /etc/my.cnf
character_set_server = utf8mb4

// character_set_server 修改
mysql> show variables like '%character%';
ERROR 2006 (HY000): MySQL server has gone away
No connection. Trying to reconnect...
Connection id:    3
Current database: test

+--------------------------+------------------------------------------------------+
| Variable_name            | Value                                                |
+--------------------------+------------------------------------------------------+
| character_set_client     | utf8                                                 |
| character_set_connection | utf8                                                 |
| character_set_database   | utf8                                                 |
| character_set_filesystem | binary                                               |
| character_set_results    | utf8                                                 |
| character_set_server     | utf8mb4                                              |
| character_set_system     | utf8                                                 |
| character_sets_dir       | /usr/local/Cellar/mysql/5.7.20/share/mysql/charsets/ |
+--------------------------+------------------------------------------------------+
8 rows in set (0.35 sec)

重启mysql服务，之后创建的每张表 字符集都是utf8mb4

这里存在一个大大的问题，我这么设置之后，在库里新建表的时候，没有写字符集，新建的表却没有变成utf8mb4?
原因：修改了character_set_server之后，仅仅对新建的库有影响，新建库会自动按照设置的字符集进行生成，新库下边的表也会默认生成新的字符集。
而对设置之前的库，不影响。在之前的库里新建表，也会是之前的库的字符集。

mysql> show variables like 'character%';
+--------------------------+------------------------------------------------------+
| Variable_name            | Value                                                |
+--------------------------+------------------------------------------------------+
| character_set_client     | utf8                                                 |
| character_set_connection | utf8                                                 |
| character_set_database   | utf8                                                 |
| character_set_filesystem | binary                                               |
| character_set_results    | utf8                                                 |
| character_set_server     | utf8mb4                                              |
| character_set_system     | utf8                                                 |
| character_sets_dir       | /usr/local/Cellar/mysql/5.7.20/share/mysql/charsets/ |
+--------------------------+------------------------------------------------------+
8 rows in set (0.00 sec)

mysql> create table a1 (a int(2));
Query OK, 0 rows affected (0.04 sec)

mysql> show create table a1;
+-------+------------------------------------------------------------------------------------+
| Table | Create Table                                                                       |
+-------+------------------------------------------------------------------------------------+
| a1    | CREATE TABLE `a1` (
  `a` int(2) DEFAULT NULL
) ENGINE=InnoDB DEFAULT CHARSET=utf8 |
+-------+------------------------------------------------------------------------------------+
1 row in set (0.00 sec)


```

#### 如何对已经存在的表修改字符集？
```
mysql> show create table z;
+-------+----------------------------------------------------------------------------------------------------------------------------------------------------------------------------------+
| Table | Create Table                                                                                                                                                                     |
+-------+----------------------------------------------------------------------------------------------------------------------------------------------------------------------------------+
| z     | CREATE TABLE `z` (
  `a` char(1) DEFAULT NULL,
  `b` varchar(3) DEFAULT NULL,
  `c` binary(1) DEFAULT NULL,
  `d` varbinary(3) DEFAULT NULL
) ENGINE=InnoDB DEFAULT CHARSET=utf8 |
+-------+----------------------------------------------------------------------------------------------------------------------------------------------------------------------------------+
1 row in set (0.00 sec)

//修改表的字符集的语法
mysql> alter table z convert to character set utf8mb4;


mysql> show create table z;
+-------+-------------------------------------------------------------------------------------------------------------------------------------------------------------------------------------+
| Table | Create Table                                                                                                                                                                        |
+-------+-------------------------------------------------------------------------------------------------------------------------------------------------------------------------------------+
| z     | CREATE TABLE `z` (
  `a` char(1) DEFAULT NULL,
  `b` varchar(3) DEFAULT NULL,
  `c` binary(1) DEFAULT NULL,
  `d` varbinary(3) DEFAULT NULL
) ENGINE=InnoDB DEFAULT CHARSET=utf8mb4 |
+-------+-------------------------------------------------------------------------------------------------------------------------------------------------------------------------------------+
1 row in set (0.00 sec)
```

#### 修改表字符集的正确姿势？？

```
//新建一个表 字符集为gbk
mysql> create table a(a int(1),b varchar(1))charset=gbk;
Query OK, 0 rows affected (0.06 sec)

mysql> show create table a;
+-------+-----------------------------------------------------------------------------------------------------------------+
| Table | Create Table                                                                                                    |
+-------+-----------------------------------------------------------------------------------------------------------------+
| a     | CREATE TABLE `a` (
  `a` int(1) DEFAULT NULL,
  `b` varchar(1) DEFAULT NULL
) ENGINE=InnoDB DEFAULT CHARSET=gbk |
+-------+-----------------------------------------------------------------------------------------------------------------+
1 row in set (0.00 sec)

mysql> insert into a values (1,'a');
Query OK, 1 row affected (0.01 sec)

//使用这种语句进行修改字符集编码
mysql> alter table a charset=utf8mb4;
Query OK, 0 rows affected (0.03 sec)
Records: 0  Duplicates: 0  Warnings: 0

//再来看建表，会发现b CHARACTER SET gbk。而表的charset变成了utf8mb4.
//也就是说 alter table a charset=utf8mb4; 这么修改字符集是不会影响字段的字符集的。
mysql> show create table a;
+-------+---------------------------------------------------------------------------------------------------------------------------------------+
| Table | Create Table                                                                                                                          |
+-------+---------------------------------------------------------------------------------------------------------------------------------------+
| a     | CREATE TABLE `a` (
  `a` int(1) DEFAULT NULL,
  `b` varchar(1) CHARACTER SET gbk DEFAULT NULL
) ENGINE=InnoDB DEFAULT CHARSET=utf8mb4 |
+-------+---------------------------------------------------------------------------------------------------------------------------------------+
1 row in set (0.03 sec)
 
//这个时候新增了一个字段 c 那么他的字符集就是修改的字符集。
//总结：上面的那种修改方式 只影响以后新增字段的字符集，而对已经存在的字段是不会做修改的。
mysql> alter table a add column c varchar(2);
Query OK, 0 rows affected (0.15 sec)
Records: 0  Duplicates: 0  Warnings: 0

mysql> show create table a;
+-------+----------------------------------------------------------------------------------------------------------------------------------------------------------------------+
| Table | Create Table                                                                                                                                                         |
+-------+----------------------------------------------------------------------------------------------------------------------------------------------------------------------+
| a     | CREATE TABLE `a` (
  `a` int(1) DEFAULT NULL,
  `b` varchar(1) CHARACTER SET gbk DEFAULT NULL,
  `c` varchar(2) DEFAULT NULL
) ENGINE=InnoDB DEFAULT CHARSET=utf8mb4 |
+-------+----------------------------------------------------------------------------------------------------------------------------------------------------------------------+
1 row in set (0.00 sec)


//正确的姿势  alter table a convert to character set utf8mb4;
mysql> alter table a convert to character set utf8mb4;
Query OK, 1 row affected (0.05 sec)
Records: 1  Duplicates: 0  Warnings: 0

mysql> show create table a;
+-------+----------------------------------------------------------------------------------------------------------------------------------------------------+
| Table | Create Table                                                                                                                                       |
+-------+----------------------------------------------------------------------------------------------------------------------------------------------------+
| a     | CREATE TABLE `a` (
  `a` int(1) DEFAULT NULL,
  `b` varchar(1) DEFAULT NULL,
  `c` varchar(2) DEFAULT NULL
) ENGINE=InnoDB DEFAULT CHARSET=utf8mb4 |
+-------+----------------------------------------------------------------------------------------------------------------------------------------------------+
1 row in set (0.00 sec)
```

#### hex()
```

mysql> select hex('a');
+----------+
| hex('a') |
+----------+
| 61       |
+----------+
1 row in set (0.01 sec)


mysql> select hex('爱');
+------------+
| hex('爱')  |
+------------+
| E788B1     |
+------------+
1 row in set (0.00 sec)

mysql> select 0xE788B1;
+----------+
| 0xE788B1 |
+----------+
| 爱       |
+----------+
1 row in set (0.00 sec)


mysql> create table z (a char(1), b varchar(3), c binary(1), d varbinary(3));
Query OK, 0 rows affected (0.03 sec)

mysql> show create table z;
+-------+----------------------------------------------------------------------------------------------------------------------------------------------------------------------------------+
| Table | Create Table                                                                                                                                                                     |
+-------+----------------------------------------------------------------------------------------------------------------------------------------------------------------------------------+
| z     | CREATE TABLE `z` (
  `a` char(1) DEFAULT NULL,
  `b` varchar(3) DEFAULT NULL,
  `c` binary(1) DEFAULT NULL,
  `d` varbinary(3) DEFAULT NULL
) ENGINE=InnoDB DEFAULT CHARSET=utf8 |
+-------+----------------------------------------------------------------------------------------------------------------------------------------------------------------------------------+
1 row in set (0.00 sec)

//可以以16进制的值的方式进行插入
mysql> insert into z values ('a',0xE788B1,'a',0xE788B1);
Query OK, 1 row affected (0.00 sec)

mysql> select * from z;
+------+------+------+------+
| a    | b    | c    | d    |
+------+------+------+------+
| a    | 爱   | a    | 爱   |
+------+------+------+------+
1 row in set (0.00 sec)

mysql> select hex('中国人');
+--------------------+
| hex('中国人')      |
+--------------------+
| E4B8ADE59BBDE4BABA |
+--------------------+
1 row in set (0.00 sec)

mysql> insert into z values ('a',0xE4B8ADE59BBDE4BABA,'a',0xE4B8ADE59BBDE4BABA);
ERROR 1406 (22001): Data too long for column 'd' at row 1

```

#### cast() 数据类型转换
```
//将123转换成字符串类型123
mysql> select cast(123 as char(10));
+-----------------------+
| cast(123 as char(10)) |
+-----------------------+
| 123                   |
+-----------------------+
1 row in set (0.01 sec)

//查看某字符串在gbk下的显示形式
mysql> select cast('爱' as char(10) charset gbk);
+-------------------------------------+
| cast('爱' as char(10) charset gbk)  |
+-------------------------------------+
| 爱                                  |
+-------------------------------------+
1 row in set (0.12 sec)

mysql> select cast('a' as char(10) charset gbk);
+-----------------------------------+
| cast('a' as char(10) charset gbk) |
+-----------------------------------+
| a                                 |
+-----------------------------------+
1 row in set (0.00 sec)


//16进制转换之后 爱 gbk下转换成十六进制之后是 B0AE
mysql> select hex(cast('爱' as char(10) charset gbk));
+------------------------------------------+
| hex(cast('爱' as char(10) charset gbk))  |
+------------------------------------------+
| B0AE                                     |
+------------------------------------------+
1 row in set (0.00 sec)

mysql> select hex(cast('a' as char(10) charset gbk));
+----------------------------------------+
| hex(cast('a' as char(10) charset gbk)) |
+----------------------------------------+
| 61                                     |
+----------------------------------------+
1 row in set (0.00 sec)

mysql> select 0xB0AE;
+--------+
| 0xB0AE |
+--------+
| ��       |
+--------+
1 row in set (0.00 sec)


//这个错误信息就很常见了。 0xB0AE 在utf8里 是不存在的字符，所以这个时候是存不进去的。会报错。
//这个也就是char binary 字符 和 字节的最大的区别。

mysql> insert into z values ('a',0xB0AE,'a',0xB0AE);
ERROR 1366 (HY000): Incorrect string value: '\xB0\xAE' for column 'b' at row 1


mysql> insert into z values ('a',0xE788B1,'a',0xB0AE);
Query OK, 1 row affected (0.00 sec)

```

## xx\_general_ci
ci的全称是 ：Case Insensitive  不区分大小写。

```
mysql> select 'a' = 'A';
+-----------+
| 'a' = 'A' |
+-----------+
|         1 |
+-----------+
1 row in set (0.01 sec)

mysql> select 'a' = 'A     ';
+----------------+
| 'a' = 'A     ' |
+----------------+
|              1 |
+----------------+
1 row in set (0.00 sec)


mysql> create table t (a char(1) ,unique key(a));
Query OK, 0 rows affected (0.04 sec)

mysql> show create table t;
+-------+------------------------------------------------------------------------------------------------------------+
| Table | Create Table                                                                                               |
+-------+------------------------------------------------------------------------------------------------------------+
| t     | CREATE TABLE `t` (
  `a` char(1) DEFAULT NULL,
  UNIQUE KEY `a` (`a`)
) ENGINE=InnoDB DEFAULT CHARSET=utf8 |
+-------+------------------------------------------------------------------------------------------------------------+
1 row in set (0.00 sec)

mysql> insert into t values ('a');
Query OK, 1 row affected (0.00 sec)

mysql> insert into t values ('A');
ERROR 1062 (23000): Duplicate entry 'A' for key 'a'

mysql> insert into t values ('A    ');
ERROR 1062 (23000): Duplicate entry 'A' for key 'a'

```

#### md5()
```
mysql> select md5('a');
+----------------------------------+
| md5('a')                         |
+----------------------------------+
| 0cc175b9c0f1b6a831c399e269772661 |
+----------------------------------+
1 row in set (0.00 sec)

mysql> select md5('爱');
+----------------------------------+
| md5('爱')                        |
+----------------------------------+
| 8f743c2c688f153105c795acba557f80 |
+----------------------------------+

```

### 如果想让一个列区分大小写，怎么办？ collate utf8mb4_bin
```

mysql> create table t1 (a char(1) collate utf8mb4_bin,unique key(a));
Query OK, 0 rows affected (0.04 sec)

mysql> show create table t1;
+-------+-------------------------------------------------------------------------------------------------------------------------------------------------------+
| Table | Create Table                                                                                                                                          |
+-------+-------------------------------------------------------------------------------------------------------------------------------------------------------+
| t1    | CREATE TABLE `t1` (
  `a` char(1) CHARACTER SET utf8mb4 COLLATE utf8mb4_bin DEFAULT NULL,
  UNIQUE KEY `a` (`a`)
) ENGINE=InnoDB DEFAULT CHARSET=utf8 |
+-------+-------------------------------------------------------------------------------------------------------------------------------------------------------+
1 row in set (0.00 sec)

mysql>
mysql> insert into t1 values ('a');
Query OK, 1 row affected (0.00 sec)

mysql> insert into t1 values ('A');
Query OK, 1 row affected (0.00 sec)

mysql> select * from t1;
+------+
| a    |
+------+
| A    |
| a    |
+------+
2 rows in set (0.00 sec)
```

## set names gbk 影响到MySQL的字符集是？？？？

参考：

* http://mysql.taobao.org/monthly/2015/05/07/
* http://www.laruence.com/2010/04/12/1396.html

```
(root@localhost)[test]> show variables like 'character%';
+--------------------------+--------------------------------------------------------+
| Variable_name            | Value                                                  |
+--------------------------+--------------------------------------------------------+
| character_set_client     | utf8                                                   |
| character_set_connection | utf8                                                   |
| character_set_database   | utf8                                                   |
| character_set_filesystem | binary                                                 |
| character_set_results    | utf8                                                   |
| character_set_server     | utf8mb4                                                |
| character_set_system     | utf8                                                   |
| character_sets_dir       | /usr/local/Cellar/mysql/5.7.20_1/share/mysql/charsets/ |
+--------------------------+--------------------------------------------------------+
8 rows in set (0.01 sec)

(root@localhost)[test]>
(root@localhost)[test]>
(root@localhost)[test]> SET names gbk;
Query OK, 0 rows affected (0.00 sec)

(root@localhost)[test]> show variables like 'character%';
+--------------------------+--------------------------------------------------------+
| Variable_name            | Value                                                  |
+--------------------------+--------------------------------------------------------+
| character_set_client     | gbk                                                    |
| character_set_connection | gbk                                                    |
| character_set_database   | utf8                                                   |
| character_set_filesystem | binary                                                 |
| character_set_results    | gbk                                                    |
| character_set_server     | utf8mb4                                                |
| character_set_system     | utf8                                                   |
| character_sets_dir       | /usr/local/Cellar/mysql/5.7.20_1/share/mysql/charsets/ |
+--------------------------+--------------------------------------------------------+
8 rows in set (0.00 sec)

```